WEATHER POC - TRACE
====================

mrinmoy@ubuntu:~$ su root
Password: 
root@ubuntu:/home/mrinmoy# cd ../Gopal/
root@ubuntu:/home/Gopal# 
root@ubuntu:/home/Gopal# ifconfig
eth3      Link encap:Ethernet  HWaddr 00:0c:29:c4:74:1e  
          inet addr:192.168.37.172  Bcast:192.168.37.255  Mask:255.255.255.0
          inet6 addr: fe80::20c:29ff:fec4:741e/64 Scope:Link
          UP BROADCAST RUNNING MULTICAST  MTU:1500  Metric:1
          RX packets:23 errors:0 dropped:0 overruns:0 frame:0
          TX packets:101 errors:0 dropped:0 overruns:0 carrier:0
          collisions:0 txqueuelen:1000 
          RX bytes:2460 (2.4 KB)  TX bytes:13543 (13.5 KB)
          Interrupt:19 Base address:0x2000 

lo        Link encap:Local Loopback  
          inet addr:127.0.0.1  Mask:255.0.0.0
          inet6 addr: ::1/128 Scope:Host
          UP LOOPBACK RUNNING  MTU:16436  Metric:1
          RX packets:145 errors:0 dropped:0 overruns:0 frame:0
          TX packets:145 errors:0 dropped:0 overruns:0 carrier:0
          collisions:0 txqueuelen:0 
          RX bytes:8923 (8.9 KB)  TX bytes:8923 (8.9 KB)

root@ubuntu:/home/Gopal# 



root@ubuntu:/home/Gopal# mkdir WEATHER-POC
root@ubuntu:/home/Gopal# cd WEATHER-POC/
root@ubuntu:/home/Gopal/WEATHER-POC# cp /home/mrinmoy/Downloads/MapReduce/WeatherPOC.jar .
root@ubuntu:/home/Gopal/WEATHER-POC# cp /home/mrinmoy/Downloads/MapReduce/weather-report.txt .
root@ubuntu:/home/Gopal/WEATHER-POC# ll
total 20
drwxr-xr-x  2 root root 4096 2014-03-12 06:05 ./
drwxr-xr-x 14 root root 4096 2014-03-12 06:05 ../
-rwxr--r--  1 root root 5423 2014-03-12 06:05 WeatherPOC.jar*
-rwxr--r--  1 root root 3621 2014-03-12 06:05 weather-report.txt*
root@ubuntu:/home/Gopal/WEATHER-POC# 
root@ubuntu:/home/Gopal/WEATHER-POC# hadoop fs -mkdir /WeatherInputData
root@ubuntu:/home/Gopal/WEATHER-POC# 
root@ubuntu:/home/Gopal/WEATHER-POC# hadoop fs -put weather-report.txt /WeatherInputData
root@ubuntu:/home/Gopal/WEATHER-POC# 
root@ubuntu:/home/Gopal/WEATHER-POC# hadoop fs -ls /WeatherInputData
Found 1 items
-rw-r--r--   1 root supergroup       3621 2014-03-12 06:06 /WeatherInputData/weather-report.txt
root@ubuntu:/home/Gopal/WEATHER-POC# 
root@ubuntu:/home/Gopal/WEATHER-POC# hadoop jar WeatherPOC.jar com.weather.poc.WeatherReportProcessor /WeatherInputData/weather-report.txt /WeatherOutput
14/03/12 06:07:56 WARN mapred.JobClient: Use GenericOptionsParser for parsing the arguments. Applications should implement Tool for the same.
14/03/12 06:07:56 INFO input.FileInputFormat: Total input paths to process : 1
14/03/12 06:07:56 WARN snappy.LoadSnappy: Snappy native library is available
14/03/12 06:07:56 INFO util.NativeCodeLoader: Loaded the native-hadoop library
14/03/12 06:07:56 INFO snappy.LoadSnappy: Snappy native library loaded
14/03/12 06:07:58 INFO mapred.JobClient: Running job: job_201403120603_0001
14/03/12 06:07:59 INFO mapred.JobClient:  map 0% reduce 0%
14/03/12 06:08:10 INFO mapred.JobClient:  map 100% reduce 0%
14/03/12 06:08:19 INFO mapred.JobClient:  map 100% reduce 33%
14/03/12 06:08:21 INFO mapred.JobClient:  map 100% reduce 100%
14/03/12 06:08:23 INFO mapred.JobClient: Job complete: job_201403120603_0001
14/03/12 06:08:23 INFO mapred.JobClient: Counters: 26
14/03/12 06:08:23 INFO mapred.JobClient:   Job Counters 
14/03/12 06:08:23 INFO mapred.JobClient:     Launched reduce tasks=1
14/03/12 06:08:23 INFO mapred.JobClient:     SLOTS_MILLIS_MAPS=11218
14/03/12 06:08:23 INFO mapred.JobClient:     Total time spent by all reduces waiting after reserving slots (ms)=0
14/03/12 06:08:23 INFO mapred.JobClient:     Total time spent by all maps waiting after reserving slots (ms)=0
14/03/12 06:08:23 INFO mapred.JobClient:     Launched map tasks=1
14/03/12 06:08:23 INFO mapred.JobClient:     Data-local map tasks=1
14/03/12 06:08:23 INFO mapred.JobClient:     SLOTS_MILLIS_REDUCES=10168
14/03/12 06:08:23 INFO mapred.JobClient:   FileSystemCounters
14/03/12 06:08:23 INFO mapred.JobClient:     FILE_BYTES_READ=510
14/03/12 06:08:23 INFO mapred.JobClient:     HDFS_BYTES_READ=3743
14/03/12 06:08:23 INFO mapred.JobClient:     FILE_BYTES_WRITTEN=125498
14/03/12 06:08:23 INFO mapred.JobClient:     HDFS_BYTES_WRITTEN=276
14/03/12 06:08:23 INFO mapred.JobClient:   Map-Reduce Framework
14/03/12 06:08:23 INFO mapred.JobClient:     Map input records=12
14/03/12 06:08:23 INFO mapred.JobClient:     Reduce shuffle bytes=510
14/03/12 06:08:23 INFO mapred.JobClient:     Spilled Records=48
14/03/12 06:08:23 INFO mapred.JobClient:     Map output bytes=456
14/03/12 06:08:23 INFO mapred.JobClient:     CPU time spent (ms)=5090
14/03/12 06:08:23 INFO mapred.JobClient:     Total committed heap usage (bytes)=197656576
14/03/12 06:08:23 INFO mapred.JobClient:     Combine input records=0
14/03/12 06:08:23 INFO mapred.JobClient:     SPLIT_RAW_BYTES=122
14/03/12 06:08:23 INFO mapred.JobClient:     Reduce input records=24
14/03/12 06:08:23 INFO mapred.JobClient:     Reduce input groups=12
14/03/12 06:08:23 INFO mapred.JobClient:     Combine output records=0
14/03/12 06:08:23 INFO mapred.JobClient:     Physical memory (bytes) snapshot=336973824
14/03/12 06:08:23 INFO mapred.JobClient:     Reduce output records=0
14/03/12 06:08:23 INFO mapred.JobClient:     Virtual memory (bytes) snapshot=880787456
14/03/12 06:08:23 INFO mapred.JobClient:     Map output records=24
root@ubuntu:/home/Gopal/WEATHER-POC# 
root@ubuntu:/home/Gopal/WEATHER-POC# 
root@ubuntu:/home/Gopal/WEATHER-POC# hadoop fs -ls /WeatherOutput
Found 6 items
-rw-r--r--   1 root supergroup        161 2014-03-12 06:08 /WeatherOutput/California-r-00000
-rw-r--r--   1 root supergroup         46 2014-03-12 06:08 /WeatherOutput/Newjersy-r-00000
-rw-r--r--   1 root supergroup         69 2014-03-12 06:08 /WeatherOutput/Newyork-r-00000
-rw-r--r--   1 root supergroup          0 2014-03-12 06:08 /WeatherOutput/_SUCCESS
drwxr-xr-x   - root supergroup          0 2014-03-12 06:07 /WeatherOutput/_logs
-rw-r--r--   1 root supergroup          0 2014-03-12 06:08 /WeatherOutput/part-r-00000
root@ubuntu:/home/Gopal/WEATHER-POC# 
root@ubuntu:/home/Gopal/WEATHER-POC# hadoop fs -cat /WeatherOutput/California-r-00000
25-Jan-2014	-22.3	35.7
26-Jan-2014	-14.0	55.7
27-Jan-2014	-22.3	35.7
28-Jan-2014	-23.3	35.7
29-Jan-2014	-17.0	52.9
30-Jan-2014	-15.7	56.0
31-Jan-2014	-27.0	49.2
root@ubuntu:/home/Gopal/WEATHER-POC# hadoop fs -cat /WeatherOutput/Newjersy-r-00000
29-Jan-2014	-17.0	52.9
30-Jan-2014	-15.7	56.0
root@ubuntu:/home/Gopal/WEATHER-POC# hadoop fs -cat /WeatherOutput/Newyork-r-00000
29-Jan-2014	-17.0	52.9
30-Jan-2014	-15.7	56.0
31-Jan-2014	-27.0	49.2
root@ubuntu:/home/Gopal/WEATHER-POC# 

